main.c:107:10:year	16	static
main.c:109:9:ReadRegister	32	static
main.c:121:6:write_cmd	16	static
main.c:128:6:write_data	16	static
main.c:136:6:tft_reset	8	static
main.c:182:6:tft_set_window	24	static
main.c:201:6:tft_clear	24	static
main.c:213:6:tft_clear_half	32	static
main.c:233:6:tft_clear_square	24	static
main.c:245:6:ILI9341_Draw_Char	40	static
main.c:308:5:main	32	static
main.c:530:6:SystemClock_Config	88	static
main.c:570:13:MX_I2C2_Init	8	static
main.c:616:13:MX_SPI1_Init	8	static
main.c:654:13:MX_GPIO_Init	40	static
main.c:693:6:Error_Handler	4	static,ignoring_inline_asm
