Archive member included to satisfy reference by file (symbol)

c:/st/stm32cubeide_1.6.0/stm32cubeide/plugins/com.st.stm32cube.ide.mcu.externaltools.gnu-tools-for-stm32.9-2020-q2-update.win32_1.5.0.202011040924/tools/bin/../lib/gcc/arm-none-eabi/9.3.1/../../../../arm-none-eabi/lib/thumb/v7e-m+fp/hard\libc_nano.a(lib_a-errno.o)
                              Core/Src/syscalls.o (__errno)
c:/st/stm32cubeide_1.6.0/stm32cubeide/plugins/com.st.stm32cube.ide.mcu.externaltools.gnu-tools-for-stm32.9-2020-q2-update.win32_1.5.0.202011040924/tools/bin/../lib/gcc/arm-none-eabi/9.3.1/../../../../arm-none-eabi/lib/thumb/v7e-m+fp/hard\libc_nano.a(lib_a-exit.o)
                              c:/st/stm32cubeide_1.6.0/stm32cubeide/plugins/com.st.stm32cube.ide.mcu.externaltools.gnu-tools-for-stm32.9-2020-q2-update.win32_1.5.0.202011040924/tools/bin/../lib/gcc/arm-none-eabi/9.3.1/../../../../arm-none-eabi/lib/thumb/v7e-m+fp/hard/crt0.o (exit)
c:/st/stm32cubeide_1.6.0/stm32cubeide/plugins/com.st.stm32cube.ide.mcu.externaltools.gnu-tools-for-stm32.9-2020-q2-update.win32_1.5.0.202011040924/tools/bin/../lib/gcc/arm-none-eabi/9.3.1/../../../../arm-none-eabi/lib/thumb/v7e-m+fp/hard\libc_nano.a(lib_a-impure.o)
                              c:/st/stm32cubeide_1.6.0/stm32cubeide/plugins/com.st.stm32cube.ide.mcu.externaltools.gnu-tools-for-stm32.9-2020-q2-update.win32_1.5.0.202011040924/tools/bin/../lib/gcc/arm-none-eabi/9.3.1/../../../../arm-none-eabi/lib/thumb/v7e-m+fp/hard\libc_nano.a(lib_a-exit.o) (_global_impure_ptr)
c:/st/stm32cubeide_1.6.0/stm32cubeide/plugins/com.st.stm32cube.ide.mcu.externaltools.gnu-tools-for-stm32.9-2020-q2-update.win32_1.5.0.202011040924/tools/bin/../lib/gcc/arm-none-eabi/9.3.1/../../../../arm-none-eabi/lib/thumb/v7e-m+fp/hard\libc_nano.a(lib_a-init.o)
                              c:/st/stm32cubeide_1.6.0/stm32cubeide/plugins/com.st.stm32cube.ide.mcu.externaltools.gnu-tools-for-stm32.9-2020-q2-update.win32_1.5.0.202011040924/tools/bin/../lib/gcc/arm-none-eabi/9.3.1/../../../../arm-none-eabi/lib/thumb/v7e-m+fp/hard/crt0.o (__libc_init_array)
c:/st/stm32cubeide_1.6.0/stm32cubeide/plugins/com.st.stm32cube.ide.mcu.externaltools.gnu-tools-for-stm32.9-2020-q2-update.win32_1.5.0.202011040924/tools/bin/../lib/gcc/arm-none-eabi/9.3.1/../../../../arm-none-eabi/lib/thumb/v7e-m+fp/hard\libc_nano.a(lib_a-memset.o)
                              c:/st/stm32cubeide_1.6.0/stm32cubeide/plugins/com.st.stm32cube.ide.mcu.externaltools.gnu-tools-for-stm32.9-2020-q2-update.win32_1.5.0.202011040924/tools/bin/../lib/gcc/arm-none-eabi/9.3.1/../../../../arm-none-eabi/lib/thumb/v7e-m+fp/hard/crt0.o (memset)
c:/st/stm32cubeide_1.6.0/stm32cubeide/plugins/com.st.stm32cube.ide.mcu.externaltools.gnu-tools-for-stm32.9-2020-q2-update.win32_1.5.0.202011040924/tools/bin/../lib/gcc/arm-none-eabi/9.3.1/thumb/v7e-m+fp/hard\libgcc.a(_aeabi_uldivmod.o)
                              Drivers/STM32F4xx_HAL_Driver/Src/stm32f4xx_hal_rcc.o (__aeabi_uldivmod)
c:/st/stm32cubeide_1.6.0/stm32cubeide/plugins/com.st.stm32cube.ide.mcu.externaltools.gnu-tools-for-stm32.9-2020-q2-update.win32_1.5.0.202011040924/tools/bin/../lib/gcc/arm-none-eabi/9.3.1/thumb/v7e-m+fp/hard\libgcc.a(_udivmoddi4.o)
                              c:/st/stm32cubeide_1.6.0/stm32cubeide/plugins/com.st.stm32cube.ide.mcu.externaltools.gnu-tools-for-stm32.9-2020-q2-update.win32_1.5.0.202011040924/tools/bin/../lib/gcc/arm-none-eabi/9.3.1/thumb/v7e-m+fp/hard\libgcc.a(_aeabi_uldivmod.o) (__udivmoddi4)
c:/st/stm32cubeide_1.6.0/stm32cubeide/plugins/com.st.stm32cube.ide.mcu.externaltools.gnu-tools-for-stm32.9-2020-q2-update.win32_1.5.0.202011040924/tools/bin/../lib/gcc/arm-none-eabi/9.3.1/thumb/v7e-m+fp/hard\libgcc.a(_dvmd_tls.o)
                              c:/st/stm32cubeide_1.6.0/stm32cubeide/plugins/com.st.stm32cube.ide.mcu.externaltools.gnu-tools-for-stm32.9-2020-q2-update.win32_1.5.0.202011040924/tools/bin/../lib/gcc/arm-none-eabi/9.3.1/thumb/v7e-m+fp/hard\libgcc.a(_aeabi_uldivmod.o) (__aeabi_ldiv0)

Allocating common symbols
Common symbol       size              file

sec2                0x1               Core/Src/main.o
rokc2               0x1               Core/Src/main.o
hi2c2               0x54              Core/Src/main.o
rokc1               0x1               Core/Src/main.o
min1                0x1               Core/Src/main.o
godz2               0x1               Core/Src/main.o
uwTick              0x4               Drivers/STM32F4xx_HAL_Driver/Src/stm32f4xx_hal.o
pFlash              0x20              Drivers/STM32F4xx_HAL_Driver/Src/stm32f4xx_hal_flash.o
sec1                0x1               Core/Src/main.o
godz1               0x1               Core/Src/main.o
dni2                0x1               Core/Src/main.o
dnic2               0x1               Core/Src/main.o
val                 0x1               Core/Src/main.o
dzientyg            0x1               Core/Src/main.o
min2                0x1               Core/Src/main.o
[...]
Memory Configuration

Name             Origin             Length             Attributes
CCMRAM           0x0000000010000000 0x0000000000010000 xrw
RAM              0x0000000020000000 0x0000000000030000 xrw
FLASH            0x0000000008000000 0x0000000000200000 xr
*default*        0x0000000000000000 0xffffffffffffffff

Linker script and memory map

LOAD c:/st/stm32cubeide_1.6.0/stm32cubeide/plugins/com.st.stm32cube.ide.mcu.externaltools.gnu-tools-for-stm32.9-2020-q2-update.win32_1.5.0.202011040924/tools/bin/../lib/gcc/arm-none-eabi/9.3.1/thumb/v7e-m+fp/hard/crti.o
LOAD c:/st/stm32cubeide_1.6.0/stm32cubeide/plugins/com.st.stm32cube.ide.mcu.externaltools.gnu-tools-for-stm32.9-2020-q2-update.win32_1.5.0.202011040924/tools/bin/../lib/gcc/arm-none-eabi/9.3.1/thumb/v7e-m+fp/hard/crtbegin.o
LOAD c:/st/stm32cubeide_1.6.0/stm32cubeide/plugins/com.st.stm32cube.ide.mcu.externaltools.gnu-tools-for-stm32.9-2020-q2-update.win32_1.5.0.202011040924/tools/bin/../lib/gcc/arm-none-eabi/9.3.1/../../../../arm-none-eabi/lib/thumb/v7e-m+fp/hard/crt0.o
LOAD Core/Src/main.o
LOAD Core/Src/stm32f4xx_hal_msp.o
LOAD Core/Src/stm32f4xx_it.o
LOAD Core/Src/syscalls.o
LOAD Core/Src/sysmem.o
LOAD Core/Src/system_stm32f4xx.o
LOAD Core/Startup/startup_stm32f429zitx.o
LOAD Drivers/STM32F4xx_HAL_Driver/Src/stm32f4xx_hal.o
LOAD Drivers/STM32F4xx_HAL_Driver/Src/stm32f4xx_hal_cortex.o
LOAD Drivers/STM32F4xx_HAL_Driver/Src/stm32f4xx_hal_dma.o
LOAD Drivers/STM32F4xx_HAL_Driver/Src/stm32f4xx_hal_dma_ex.o
LOAD Drivers/STM32F4xx_HAL_Driver/Src/stm32f4xx_hal_exti.o
LOAD Drivers/STM32F4xx_HAL_Driver/Src/stm32f4xx_hal_flash.o
LOAD Drivers/STM32F4xx_HAL_Driver/Src/stm32f4xx_hal_flash_ex.o
LOAD Drivers/STM32F4xx_HAL_Driver/Src/stm32f4xx_hal_flash_ramfunc.o
LOAD Drivers/STM32F4xx_HAL_Driver/Src/stm32f4xx_hal_gpio.o
LOAD Drivers/STM32F4xx_HAL_Driver/Src/stm32f4xx_hal_i2c.o
LOAD Drivers/STM32F4xx_HAL_Driver/Src/stm32f4xx_hal_i2c_ex.o
LOAD Drivers/STM32F4xx_HAL_Driver/Src/stm32f4xx_hal_pwr.o
LOAD Drivers/STM32F4xx_HAL_Driver/Src/stm32f4xx_hal_pwr_ex.o
LOAD Drivers/STM32F4xx_HAL_Driver/Src/stm32f4xx_hal_rcc.o
LOAD Drivers/STM32F4xx_HAL_Driver/Src/stm32f4xx_hal_rcc_ex.o
LOAD Drivers/STM32F4xx_HAL_Driver/Src/stm32f4xx_hal_spi.o
LOAD Drivers/STM32F4xx_HAL_Driver/Src/stm32f4xx_hal_tim.o
LOAD Drivers/STM32F4xx_HAL_Driver/Src/stm32f4xx_hal_tim_ex.o
START GROUP
LOAD c:/st/stm32cubeide_1.6.0/stm32cubeide/plugins/com.st.stm32cube.ide.mcu.externaltools.gnu-tools-for-stm32.9-2020-q2-update.win32_1.5.0.202011040924/tools/bin/../lib/gcc/arm-none-eabi/9.3.1/../../../../arm-none-eabi/lib/thumb/v7e-m+fp/hard\libc_nano.a
LOAD c:/st/stm32cubeide_1.6.0/stm32cubeide/plugins/com.st.stm32cube.ide.mcu.externaltools.gnu-tools-for-stm32.9-2020-q2-update.win32_1.5.0.202011040924/tools/bin/../lib/gcc/arm-none-eabi/9.3.1/../../../../arm-none-eabi/lib/thumb/v7e-m+fp/hard\libm.a
END GROUP
START GROUP
LOAD c:/st/stm32cubeide_1.6.0/stm32cubeide/plugins/com.st.stm32cube.ide.mcu.externaltools.gnu-tools-for-stm32.9-2020-q2-update.win32_1.5.0.202011040924/tools/bin/../lib/gcc/arm-none-eabi/9.3.1/thumb/v7e-m+fp/hard\libgcc.a
LOAD c:/st/stm32cubeide_1.6.0/stm32cubeide/plugins/com.st.stm32cube.ide.mcu.externaltools.gnu-tools-for-stm32.9-2020-q2-update.win32_1.5.0.202011040924/tools/bin/../lib/gcc/arm-none-eabi/9.3.1/../../../../arm-none-eabi/lib/thumb/v7e-m+fp/hard\libc_nano.a
END GROUP
START GROUP
LOAD c:/st/stm32cubeide_1.6.0/stm32cubeide/plugins/com.st.stm32cube.ide.mcu.externaltools.gnu-tools-for-stm32.9-2020-q2-update.win32_1.5.0.202011040924/tools/bin/../lib/gcc/arm-none-eabi/9.3.1/thumb/v7e-m+fp/hard\libgcc.a
LOAD c:/st/stm32cubeide_1.6.0/stm32cubeide/plugins/com.st.stm32cube.ide.mcu.externaltools.gnu-tools-for-stm32.9-2020-q2-update.win32_1.5.0.202011040924/tools/bin/../lib/gcc/arm-none-eabi/9.3.1/../../../../arm-none-eabi/lib/thumb/v7e-m+fp/hard\libc_nano.a
LOAD c:/st/stm32cubeide_1.6.0/stm32cubeide/plugins/com.st.stm32cube.ide.mcu.externaltools.gnu-tools-for-stm32.9-2020-q2-update.win32_1.5.0.202011040924/tools/bin/../lib/gcc/arm-none-eabi/9.3.1/../../../../arm-none-eabi/lib/thumb/v7e-m+fp/hard\libnosys.a
END GROUP
START GROUP
LOAD c:/st/stm32cubeide_1.6.0/stm32cubeide/plugins/com.st.stm32cube.ide.mcu.externaltools.gnu-tools-for-stm32.9-2020-q2-update.win32_1.5.0.202011040924/tools/bin/../lib/gcc/arm-none-eabi/9.3.1/thumb/v7e-m+fp/hard\libgcc.a
LOAD c:/st/stm32cubeide_1.6.0/stm32cubeide/plugins/com.st.stm32cube.ide.mcu.externaltools.gnu-tools-for-stm32.9-2020-q2-update.win32_1.5.0.202011040924/tools/bin/../lib/gcc/arm-none-eabi/9.3.1/../../../../arm-none-eabi/lib/thumb/v7e-m+fp/hard\libc_nano.a
LOAD c:/st/stm32cubeide_1.6.0/stm32cubeide/plugins/com.st.stm32cube.ide.mcu.externaltools.gnu-tools-for-stm32.9-2020-q2-update.win32_1.5.0.202011040924/tools/bin/../lib/gcc/arm-none-eabi/9.3.1/../../../../arm-none-eabi/lib/thumb/v7e-m+fp/hard\libnosys.a
END GROUP
LOAD c:/st/stm32cubeide_1.6.0/stm32cubeide/plugins/com.st.stm32cube.ide.mcu.externaltools.gnu-tools-for-stm32.9-2020-q2-update.win32_1.5.0.202011040924/tools/bin/../lib/gcc/arm-none-eabi/9.3.1/thumb/v7e-m+fp/hard/crtend.o
LOAD c:/st/stm32cubeide_1.6.0/stm32cubeide/plugins/com.st.stm32cube.ide.mcu.externaltools.gnu-tools-for-stm32.9-2020-q2-update.win32_1.5.0.202011040924/tools/bin/../lib/gcc/arm-none-eabi/9.3.1/thumb/v7e-m+fp/hard/crtn.o
                0x0000000020030000                _estack = (ORIGIN (RAM) + LENGTH (RAM))
                0x0000000000000200                _Min_Heap_Size = 0x200
                0x0000000000000400                _Min_Stack_Size = 0x400

.isr_vector     0x0000000008000000      0x1ac
                0x0000000008000000                . = ALIGN (0x4)
 *(.isr_vector)
 .isr_vector    0x0000000008000000      0x1ac Core/Startup/startup_stm32f429zitx.o
                0x0000000008000000                g_pfnVectors
                0x00000000080001ac                . = ALIGN (0x4)

.text           0x00000000080001ac     0x4214
                0x00000000080001ac                . = ALIGN (0x4)
 *(.text)
 .text          0x00000000080001ac       0x40 c:/st/stm32cubeide_1.6.0/stm32cubeide/plugins/com.st.stm32cube.ide.mcu.externaltools.gnu-tools-for-stm32.9-2020-q2-update.win32_1.5.0.202011040924/tools/bin/../lib/gcc/arm-none-eabi/9.3.1/thumb/v7e-m+fp/hard/crtbegin.o
 .text          0x00000000080001ec       0x30 c:/st/stm32cubeide_1.6.0/stm32cubeide/plugins/com.st.stm32cube.ide.mcu.externaltools.gnu-tools-for-stm32.9-2020-q2-update.win32_1.5.0.202011040924/tools/bin/../lib/gcc/arm-none-eabi/9.3.1/thumb/v7e-m+fp/hard\libgcc.a(_aeabi_uldivmod.o)
                0x00000000080001ec                __aeabi_uldivmod
 .text          0x000000000800021c      0x2c4 c:/st/stm32cubeide_1.6.0/stm32cubeide/plugins/com.st.stm32cube.ide.mcu.externaltools.gnu-tools-for-stm32.9-2020-q2-update.win32_1.5.0.202011040924/tools/bin/../lib/gcc/arm-none-eabi/9.3.1/thumb/v7e-m+fp/hard\libgcc.a(_udivmoddi4.o)
                0x000000000800021c                __udivmoddi4
 .text          0x00000000080004e0        0x4 c:/st/stm32cubeide_1.6.0/stm32cubeide/plugins/com.st.stm32cube.ide.mcu.externaltools.gnu-tools-for-stm32.9-2020-q2-update.win32_1.5.0.202011040924/tools/bin/../lib/gcc/arm-none-eabi/9.3.1/thumb/v7e-m+fp/hard\libgcc.a(_dvmd_tls.o)
                0x00000000080004e0                __aeabi_idiv0
                0x00000000080004e0                __aeabi_ldiv0
 *(.text*)
 .text.write_cmd
                0x00000000080004e4       0x30 Core/Src/main.o
                0x00000000080004e4                write_cmd
 .text.write_data
                0x0000000008000514       0x30 Core/Src/main.o
                0x0000000008000514                write_data
 .text.tft_reset
                0x0000000008000544       0xa8 Core/Src/main.o
                0x0000000008000544                tft_reset
 .text.tft_set_window
                0x00000000080005ec       0x9e Core/Src/main.o
                0x00000000080005ec                tft_set_window
 .text.tft_clear
                0x000000000800068a       0x52 Core/Src/main.o
                0x000000000800068a                tft_clear
 .text.ILI9341_Draw_Char
                0x00000000080006dc      0x168 Core/Src/main.o
                0x00000000080006dc                ILI9341_Draw_Char
 .text.main     0x0000000008000844      0x8e4 Core/Src/main.o
                0x0000000008000844                main
 .text.SystemClock_Config
                0x0000000008001128       0xc0 Core/Src/main.o
                0x0000000008001128                SystemClock_Config
 .text.MX_I2C2_Init
                0x00000000080011e8       0x80 Core/Src/main.o
 .text.MX_SPI1_Init
                0x0000000008001268       0x6c Core/Src/main.o
 .text.MX_GPIO_Init
                0x00000000080012d4       0xcc Core/Src/main.o
 .text.Error_Handler
                0x00000000080013a0        0xa Core/Src/main.o
                0x00000000080013a0                Error_Handler
 *fill*         0x00000000080013aa        0x2 
 .text.HAL_MspInit
                0x00000000080013ac       0x50 Core/Src/stm32f4xx_hal_msp.o
                0x00000000080013ac                HAL_MspInit
 .text.HAL_I2C_MspInit
                0x00000000080013fc       0x90 Core/Src/stm32f4xx_hal_msp.o
                0x00000000080013fc                HAL_I2C_MspInit
 .text.HAL_SPI_MspInit
                0x000000000800148c       0x90 Core/Src/stm32f4xx_hal_msp.o
                0x000000000800148c                HAL_SPI_MspInit
 .text.NMI_Handler
                0x000000000800151c        0x6 Core/Src/stm32f4xx_it.o
                0x000000000800151c                NMI_Handler
 .text.HardFault_Handler
                0x0000000008001522        0x6 Core/Src/stm32f4xx_it.o
                0x0000000008001522                HardFault_Handler
 .text.MemManage_Handler
                0x0000000008001528        0x6 Core/Src/stm32f4xx_it.o
                0x0000000008001528                MemManage_Handler
 .text.BusFault_Handler
                0x000000000800152e        0x6 Core/Src/stm32f4xx_it.o
                0x000000000800152e                BusFault_Handler
 .text.UsageFault_Handler
                0x0000000008001534        0x6 Core/Src/stm32f4xx_it.o
                0x0000000008001534                UsageFault_Handler
 .text.SVC_Handler
                0x000000000800153a        0xe Core/Src/stm32f4xx_it.o
                0x000000000800153a                SVC_Handler
 .text.DebugMon_Handler
                0x0000000008001548        0xe Core/Src/stm32f4xx_it.o
                0x0000000008001548                DebugMon_Handler
 .text.PendSV_Handler
                0x0000000008001556        0xe Core/Src/stm32f4xx_it.o
                0x0000000008001556                PendSV_Handler
 .text.SysTick_Handler
                0x0000000008001564        0xc Core/Src/stm32f4xx_it.o
                0x0000000008001564                SysTick_Handler
 .text.SystemInit
                0x0000000008001570       0x24 Core/Src/system_stm32f4xx.o
                0x0000000008001570                SystemInit
 .text.Reset_Handler
                0x0000000008001594       0x50 Core/Startup/startup_stm32f429zitx.o
                0x0000000008001594                Reset_Handler
 .text.Default_Handler
                0x00000000080015e4        0x2 Core/Startup/startup_stm32f429zitx.o
                0x00000000080015e4                RTC_Alarm_IRQHandler
                0x00000000080015e4                HASH_RNG_IRQHandler
                0x00000000080015e4                EXTI2_IRQHandler
                0x00000000080015e4                TIM8_CC_IRQHandler
                0x00000000080015e4                UART8_IRQHandler
                0x00000000080015e4                SPI4_IRQHandler
                0x00000000080015e4                TIM1_CC_IRQHandler
                0x00000000080015e4                DMA2_Stream5_IRQHandler
                0x00000000080015e4                DMA1_Stream5_IRQHandler
                0x00000000080015e4                PVD_IRQHandler
                0x00000000080015e4                SDIO_IRQHandler
                0x00000000080015e4                TAMP_STAMP_IRQHandler
                0x00000000080015e4                CAN2_RX1_IRQHandler
                0x00000000080015e4                EXTI3_IRQHandler
                0x00000000080015e4                TIM8_TRG_COM_TIM14_IRQHandler
                0x00000000080015e4                TIM1_UP_TIM10_IRQHandler
                0x00000000080015e4                TIM8_UP_TIM13_IRQHandler
                0x00000000080015e4                I2C3_ER_IRQHandler
                0x00000000080015e4                EXTI0_IRQHandler
                0x00000000080015e4                I2C2_EV_IRQHandler
                0x00000000080015e4                DMA1_Stream2_IRQHandler
                0x00000000080015e4                CAN1_RX0_IRQHandler
                0x00000000080015e4                FPU_IRQHandler
                0x00000000080015e4                OTG_HS_WKUP_IRQHandler
                0x00000000080015e4                LTDC_ER_IRQHandler
                0x00000000080015e4                CAN2_SCE_IRQHandler
                0x00000000080015e4                DMA2_Stream2_IRQHandler
                0x00000000080015e4                SPI1_IRQHandler
                0x00000000080015e4                TIM6_DAC_IRQHandler
                0x00000000080015e4                TIM1_BRK_TIM9_IRQHandler
                0x00000000080015e4                DCMI_IRQHandler
                0x00000000080015e4                CAN2_RX0_IRQHandler
                0x00000000080015e4                DMA2_Stream3_IRQHandler
                0x00000000080015e4                USART6_IRQHandler
                0x00000000080015e4                USART3_IRQHandler
                0x00000000080015e4                CAN1_RX1_IRQHandler
                0x00000000080015e4                UART5_IRQHandler
                0x00000000080015e4                DMA2_Stream0_IRQHandler
                0x00000000080015e4                TIM4_IRQHandler
                0x00000000080015e4                I2C1_EV_IRQHandler
                0x00000000080015e4                DMA1_Stream6_IRQHandler
                0x00000000080015e4                DMA1_Stream1_IRQHandler
                0x00000000080015e4                UART4_IRQHandler
                0x00000000080015e4                TIM3_IRQHandler
                0x00000000080015e4                RCC_IRQHandler
                0x00000000080015e4                TIM8_BRK_TIM12_IRQHandler
                0x00000000080015e4                Default_Handler
                0x00000000080015e4                EXTI15_10_IRQHandler
                0x00000000080015e4                ADC_IRQHandler
                0x00000000080015e4                DMA1_Stream7_IRQHandler
                0x00000000080015e4                SPI5_IRQHandler
                0x00000000080015e4                TIM7_IRQHandler
                0x00000000080015e4                CAN2_TX_IRQHandler
                0x00000000080015e4                TIM5_IRQHandler
                0x00000000080015e4                DMA2_Stream7_IRQHandler
                0x00000000080015e4                I2C3_EV_IRQHandler
                0x00000000080015e4                EXTI9_5_IRQHandler
                0x00000000080015e4                RTC_WKUP_IRQHandler
                0x00000000080015e4                LTDC_IRQHandler
                0x00000000080015e4                ETH_WKUP_IRQHandler
                0x00000000080015e4                SPI2_IRQHandler
                0x00000000080015e4                OTG_HS_EP1_IN_IRQHandler
                0x00000000080015e4                DMA1_Stream0_IRQHandler
                0x00000000080015e4                CAN1_TX_IRQHandler
                0x00000000080015e4                EXTI4_IRQHandler
                0x00000000080015e4                ETH_IRQHandler
                0x00000000080015e4                OTG_HS_EP1_OUT_IRQHandler
                0x00000000080015e4                WWDG_IRQHandler
                0x00000000080015e4                SPI6_IRQHandler
                0x00000000080015e4                TIM2_IRQHandler
                0x00000000080015e4                OTG_FS_WKUP_IRQHandler
                0x00000000080015e4                TIM1_TRG_COM_TIM11_IRQHandler
                0x00000000080015e4                OTG_HS_IRQHandler
                0x00000000080015e4                DMA2D_IRQHandler
                0x00000000080015e4                EXTI1_IRQHandler
                0x00000000080015e4                UART7_IRQHandler
                0x00000000080015e4                USART2_IRQHandler
                0x00000000080015e4                I2C2_ER_IRQHandler
                0x00000000080015e4                DMA2_Stream1_IRQHandler
                0x00000000080015e4                CAN1_SCE_IRQHandler
                0x00000000080015e4                FLASH_IRQHandler
                0x00000000080015e4                DMA2_Stream4_IRQHandler
                0x00000000080015e4                USART1_IRQHandler
                0x00000000080015e4                OTG_FS_IRQHandler
                0x00000000080015e4                SPI3_IRQHandler
                0x00000000080015e4                DMA1_Stream4_IRQHandler
                0x00000000080015e4                I2C1_ER_IRQHandler
                0x00000000080015e4                FMC_IRQHandler
                0x00000000080015e4                DMA2_Stream6_IRQHandler
                0x00000000080015e4                SAI1_IRQHandler
                0x00000000080015e4                DMA1_Stream3_IRQHandler
 *fill*         0x00000000080015e6        0x2 
 .text.HAL_Init
                0x00000000080015e8       0x44 Drivers/STM32F4xx_HAL_Driver/Src/stm32f4xx_hal.o
                0x00000000080015e8                HAL_Init
 .text.HAL_InitTick
                0x000000000800162c       0x60 Drivers/STM32F4xx_HAL_Driver/Src/stm32f4xx_hal.o
                0x000000000800162c                HAL_InitTick
 .text.HAL_IncTick
                0x000000000800168c       0x28 Drivers/STM32F4xx_HAL_Driver/Src/stm32f4xx_hal.o
                0x000000000800168c                HAL_IncTick
 .text.HAL_GetTick
                0x00000000080016b4       0x18 Drivers/STM32F4xx_HAL_Driver/Src/stm32f4xx_hal.o
                0x00000000080016b4                HAL_GetTick
 .text.HAL_Delay
                0x00000000080016cc       0x48 Drivers/STM32F4xx_HAL_Driver/Src/stm32f4xx_hal.o
                0x00000000080016cc                HAL_Delay
 .text.__NVIC_SetPriorityGrouping
                0x0000000008001714       0x48 Drivers/STM32F4xx_HAL_Driver/Src/stm32f4xx_hal_cortex.o
 .text.__NVIC_GetPriorityGrouping
                0x000000000800175c       0x1c Drivers/STM32F4xx_HAL_Driver/Src/stm32f4xx_hal_cortex.o
 .text.__NVIC_SetPriority
                0x0000000008001778       0x54 Drivers/STM32F4xx_HAL_Driver/Src/stm32f4xx_hal_cortex.o
 .text.NVIC_EncodePriority
                0x00000000080017cc       0x66 Drivers/STM32F4xx_HAL_Driver/Src/stm32f4xx_hal_cortex.o
 *fill*         0x0000000008001832        0x2 
 .text.SysTick_Config
                0x0000000008001834       0x44 Drivers/STM32F4xx_HAL_Driver/Src/stm32f4xx_hal_cortex.o
 .text.HAL_NVIC_SetPriorityGrouping
                0x0000000008001878       0x16 Drivers/STM32F4xx_HAL_Driver/Src/stm32f4xx_hal_cortex.o
                0x0000000008001878                HAL_NVIC_SetPriorityGrouping
 .text.HAL_NVIC_SetPriority
                0x000000000800188e       0x38 Drivers/STM32F4xx_HAL_Driver/Src/stm32f4xx_hal_cortex.o
                0x000000000800188e                HAL_NVIC_SetPriority
 .text.HAL_SYSTICK_Config
                0x00000000080018c6       0x18 Drivers/STM32F4xx_HAL_Driver/Src/stm32f4xx_hal_cortex.o
                0x00000000080018c6                HAL_SYSTICK_Config
 *fill*         0x00000000080018de        0x2 
 .text.HAL_GPIO_Init
                0x00000000080018e0      0x358 Drivers/STM32F4xx_HAL_Driver/Src/stm32f4xx_hal_gpio.o
                0x00000000080018e0                HAL_GPIO_Init
 .text.HAL_GPIO_WritePin
                0x0000000008001c38       0x32 Drivers/STM32F4xx_HAL_Driver/Src/stm32f4xx_hal_gpio.o
                0x0000000008001c38                HAL_GPIO_WritePin
 *fill*         0x0000000008001c6a        0x2 
 .text.HAL_I2C_Init
                0x0000000008001c6c      0x288 Drivers/STM32F4xx_HAL_Driver/Src/stm32f4xx_hal_i2c.o
                0x0000000008001c6c                HAL_I2C_Init
 .text.HAL_I2C_Master_Transmit
                0x0000000008001ef4      0x1fc Drivers/STM32F4xx_HAL_Driver/Src/stm32f4xx_hal_i2c.o
                0x0000000008001ef4                HAL_I2C_Master_Transmit
 .text.HAL_I2C_Master_Receive
                0x00000000080020f0      0x44c Drivers/STM32F4xx_HAL_Driver/Src/stm32f4xx_hal_i2c.o
                0x00000000080020f0                HAL_I2C_Master_Receive
 .text.HAL_I2C_Mem_Write
                0x000000000800253c      0x1f4 Drivers/STM32F4xx_HAL_Driver/Src/stm32f4xx_hal_i2c.o
                0x000000000800253c                HAL_I2C_Mem_Write
 .text.HAL_I2C_Mem_Read
                0x0000000008002730      0x44c Drivers/STM32F4xx_HAL_Driver/Src/stm32f4xx_hal_i2c.o
                0x0000000008002730                HAL_I2C_Mem_Read
 .text.I2C_MasterRequestWrite
                0x0000000008002b7c      0x104 Drivers/STM32F4xx_HAL_Driver/Src/stm32f4xx_hal_i2c.o
 .text.I2C_MasterRequestRead
                0x0000000008002c80      0x19c Drivers/STM32F4xx_HAL_Driver/Src/stm32f4xx_hal_i2c.o
 .text.I2C_RequestMemoryWrite
                0x0000000008002e1c      0x12c Drivers/STM32F4xx_HAL_Driver/Src/stm32f4xx_hal_i2c.o
 .text.I2C_RequestMemoryRead
                0x0000000008002f48      0x1d0 Drivers/STM32F4xx_HAL_Driver/Src/stm32f4xx_hal_i2c.o
 .text.I2C_WaitOnFlagUntilTimeout
                0x0000000008003118       0xae Drivers/STM32F4xx_HAL_Driver/Src/stm32f4xx_hal_i2c.o
 .text.I2C_WaitOnMasterAddressFlagUntilTimeout
                0x00000000080031c6       0xfe Drivers/STM32F4xx_HAL_Driver/Src/stm32f4xx_hal_i2c.o
 .text.I2C_WaitOnTXEFlagUntilTimeout
                0x00000000080032c4       0x82 Drivers/STM32F4xx_HAL_Driver/Src/stm32f4xx_hal_i2c.o
 .text.I2C_WaitOnBTFFlagUntilTimeout
                0x0000000008003346       0x82 Drivers/STM32F4xx_HAL_Driver/Src/stm32f4xx_hal_i2c.o
 .text.I2C_WaitOnRXNEFlagUntilTimeout
                0x00000000080033c8       0xac Drivers/STM32F4xx_HAL_Driver/Src/stm32f4xx_hal_i2c.o
 .text.I2C_IsAcknowledgeFailed
                0x0000000008003474       0x5e Drivers/STM32F4xx_HAL_Driver/Src/stm32f4xx_hal_i2c.o
 .text.HAL_I2CEx_ConfigAnalogFilter
                0x00000000080034d2       0x78 Drivers/STM32F4xx_HAL_Driver/Src/stm32f4xx_hal_i2c_ex.o
                0x00000000080034d2                HAL_I2CEx_ConfigAnalogFilter
 .text.HAL_I2CEx_ConfigDigitalFilter
                0x000000000800354a       0x7e Drivers/STM32F4xx_HAL_Driver/Src/stm32f4xx_hal_i2c_ex.o
                0x000000000800354a                HAL_I2CEx_ConfigDigitalFilter
 .text.HAL_RCC_OscConfig
                0x00000000080035c8      0x4f0 Drivers/STM32F4xx_HAL_Driver/Src/stm32f4xx_hal_rcc.o
                0x00000000080035c8                HAL_RCC_OscConfig
 .text.HAL_RCC_ClockConfig
                0x0000000008003ab8      0x1cc Drivers/STM32F4xx_HAL_Driver/Src/stm32f4xx_hal_rcc.o
                0x0000000008003ab8                HAL_RCC_ClockConfig
 .text.HAL_RCC_GetSysClockFreq
                0x0000000008003c84      0x16c Drivers/STM32F4xx_HAL_Driver/Src/stm32f4xx_hal_rcc.o
                0x0000000008003c84                HAL_RCC_GetSysClockFreq
 .text.HAL_RCC_GetHCLKFreq
                0x0000000008003df0       0x18 Drivers/STM32F4xx_HAL_Driver/Src/stm32f4xx_hal_rcc.o
                0x0000000008003df0                HAL_RCC_GetHCLKFreq
 .text.HAL_RCC_GetPCLK1Freq
                0x0000000008003e08       0x28 Drivers/STM32F4xx_HAL_Driver/Src/stm32f4xx_hal_rcc.o
                0x0000000008003e08                HAL_RCC_GetPCLK1Freq
 .text.HAL_SPI_Init
                0x0000000008003e30      0x112 Drivers/STM32F4xx_HAL_Driver/Src/stm32f4xx_hal_spi.o
                0x0000000008003e30                HAL_SPI_Init
 .text.HAL_SPI_Transmit
                0x0000000008003f42      0x278 Drivers/STM32F4xx_HAL_Driver/Src/stm32f4xx_hal_spi.o
                0x0000000008003f42                HAL_SPI_Transmit
 *fill*         0x00000000080041ba        0x2 
 .text.SPI_WaitFlagStateUntilTimeout
                0x00000000080041bc      0x110 Drivers/STM32F4xx_HAL_Driver/Src/stm32f4xx_hal_spi.o
 .text.SPI_EndRxTxTransaction
                0x00000000080042cc       0x84 Drivers/STM32F4xx_HAL_Driver/Src/stm32f4xx_hal_spi.o
 .text.__libc_init_array
                0x0000000008004350       0x48 c:/st/stm32cubeide_1.6.0/stm32cubeide/plugins/com.st.stm32cube.ide.mcu.externaltools.gnu-tools-for-stm32.9-2020-q2-update.win32_1.5.0.202011040924/tools/bin/../lib/gcc/arm-none-eabi/9.3.1/../../../../arm-none-eabi/lib/thumb/v7e-m+fp/hard\libc_nano.a(lib_a-init.o)
                0x0000000008004350                __libc_init_array
 .text.memset   0x0000000008004398       0x10 c:/st/stm32cubeide_1.6.0/stm32cubeide/plugins/com.st.stm32cube.ide.mcu.externaltools.gnu-tools-for-stm32.9-2020-q2-update.win32_1.5.0.202011040924/tools/bin/../lib/gcc/arm-none-eabi/9.3.1/../../../../arm-none-eabi/lib/thumb/v7e-m+fp/hard\libc_nano.a(lib_a-memset.o)
                0x0000000008004398                memset
 *(.glue_7)
 .glue_7        0x00000000080043a8        0x0 linker stubs
 *(.glue_7t)
 .glue_7t       0x00000000080043a8        0x0 linker stubs
 *(.eh_frame)
 .eh_frame      0x00000000080043a8        0x0 c:/st/stm32cubeide_1.6.0/stm32cubeide/plugins/com.st.stm32cube.ide.mcu.externaltools.gnu-tools-for-stm32.9-2020-q2-update.win32_1.5.0.202011040924/tools/bin/../lib/gcc/arm-none-eabi/9.3.1/thumb/v7e-m+fp/hard/crtbegin.o
 *(.init)
 .init          0x00000000080043a8        0x4 c:/st/stm32cubeide_1.6.0/stm32cubeide/plugins/com.st.stm32cube.ide.mcu.externaltools.gnu-tools-for-stm32.9-2020-q2-update.win32_1.5.0.202011040924/tools/bin/../lib/gcc/arm-none-eabi/9.3.1/thumb/v7e-m+fp/hard/crti.o
                0x00000000080043a8                _init
 .init          0x00000000080043ac        0x8 c:/st/stm32cubeide_1.6.0/stm32cubeide/plugins/com.st.stm32cube.ide.mcu.externaltools.gnu-tools-for-stm32.9-2020-q2-update.win32_1.5.0.202011040924/tools/bin/../lib/gcc/arm-none-eabi/9.3.1/thumb/v7e-m+fp/hard/crtn.o
 *(.fini)
 .fini          0x00000000080043b4        0x4 c:/st/stm32cubeide_1.6.0/stm32cubeide/plugins/com.st.stm32cube.ide.mcu.externaltools.gnu-tools-for-stm32.9-2020-q2-update.win32_1.5.0.202011040924/tools/bin/../lib/gcc/arm-none-eabi/9.3.1/thumb/v7e-m+fp/hard/crti.o
                0x00000000080043b4                _fini
 .fini          0x00000000080043b8        0x8 c:/st/stm32cubeide_1.6.0/stm32cubeide/plugins/com.st.stm32cube.ide.mcu.externaltools.gnu-tools-for-stm32.9-2020-q2-update.win32_1.5.0.202011040924/tools/bin/../lib/gcc/arm-none-eabi/9.3.1/thumb/v7e-m+fp/hard/crtn.o
                0x00000000080043c0                . = ALIGN (0x4)
                0x00000000080043c0                _etext = .

.vfp11_veneer   0x00000000080043c0        0x0
 .vfp11_veneer  0x00000000080043c0        0x0 linker stubs

.v4_bx          0x00000000080043c0        0x0
 .v4_bx         0x00000000080043c0        0x0 linker stubs

.iplt           0x00000000080043c0        0x0
 .iplt          0x00000000080043c0        0x0 c:/st/stm32cubeide_1.6.0/stm32cubeide/plugins/com.st.stm32cube.ide.mcu.externaltools.gnu-tools-for-stm32.9-2020-q2-update.win32_1.5.0.202011040924/tools/bin/../lib/gcc/arm-none-eabi/9.3.1/thumb/v7e-m+fp/hard/crtbegin.o

.rodata         0x00000000080043c0      0x8e0
                0x00000000080043c0                . = ALIGN (0x4)
 *(.rodata)
 *(.rodata*)
 .rodata.chars8
                0x00000000080043c0      0x2d8 Core/Src/main.o
 .rodata.chars16
                0x0000000008004698      0x5f0 Core/Src/main.o
 .rodata.AHBPrescTable
                0x0000000008004c88       0x10 Core/Src/system_stm32f4xx.o
                0x0000000008004c88                AHBPrescTable
 .rodata.APBPrescTable
                0x0000000008004c98        0x8 Core/Src/system_stm32f4xx.o
                0x0000000008004c98                APBPrescTable
                0x0000000008004ca0                . = ALIGN (0x4)

.ARM.extab      0x0000000008004ca0        0x0
                0x0000000008004ca0                . = ALIGN (0x4)
 *(.ARM.extab* .gnu.linkonce.armextab.*)
                0x0000000008004ca0                . = ALIGN (0x4)

.ARM            0x0000000008004ca0        0x8
                0x0000000008004ca0                . = ALIGN (0x4)
                0x0000000008004ca0                __exidx_start = .
 *(.ARM.exidx*)
 .ARM.exidx     0x0000000008004ca0        0x8 c:/st/stm32cubeide_1.6.0/stm32cubeide/plugins/com.st.stm32cube.ide.mcu.externaltools.gnu-tools-for-stm32.9-2020-q2-update.win32_1.5.0.202011040924/tools/bin/../lib/gcc/arm-none-eabi/9.3.1/thumb/v7e-m+fp/hard\libgcc.a(_udivmoddi4.o)
                0x0000000008004ca8                __exidx_end = .
                0x0000000008004ca8                . = ALIGN (0x4)

.rel.dyn        0x0000000008004ca8        0x0
 .rel.iplt      0x0000000008004ca8        0x0 c:/st/stm32cubeide_1.6.0/stm32cubeide/plugins/com.st.stm32cube.ide.mcu.externaltools.gnu-tools-for-stm32.9-2020-q2-update.win32_1.5.0.202011040924/tools/bin/../lib/gcc/arm-none-eabi/9.3.1/thumb/v7e-m+fp/hard/crtbegin.o

.preinit_array  0x0000000008004ca8        0x0
                0x0000000008004ca8                . = ALIGN (0x4)
                0x0000000008004ca8                PROVIDE (__preinit_array_start = .)
 *(.preinit_array*)
                0x0000000008004ca8                PROVIDE (__preinit_array_end = .)
                0x0000000008004ca8                . = ALIGN (0x4)

.init_array     0x0000000008004ca8        0x4
                0x0000000008004ca8                . = ALIGN (0x4)
                0x0000000008004ca8                PROVIDE (__init_array_start = .)
 *(SORT_BY_NAME(.init_array.*))
 *(.init_array*)
 .init_array    0x0000000008004ca8        0x4 c:/st/stm32cubeide_1.6.0/stm32cubeide/plugins/com.st.stm32cube.ide.mcu.externaltools.gnu-tools-for-stm32.9-2020-q2-update.win32_1.5.0.202011040924/tools/bin/../lib/gcc/arm-none-eabi/9.3.1/thumb/v7e-m+fp/hard/crtbegin.o
                0x0000000008004cac                PROVIDE (__init_array_end = .)
                0x0000000008004cac                . = ALIGN (0x4)

.fini_array     0x0000000008004cac        0x4
                0x0000000008004cac                . = ALIGN (0x4)
                [!provide]                        PROVIDE (__fini_array_start = .)
 *(SORT_BY_NAME(.fini_array.*))
 *(.fini_array*)
 .fini_array    0x0000000008004cac        0x4 c:/st/stm32cubeide_1.6.0/stm32cubeide/plugins/com.st.stm32cube.ide.mcu.externaltools.gnu-tools-for-stm32.9-2020-q2-update.win32_1.5.0.202011040924/tools/bin/../lib/gcc/arm-none-eabi/9.3.1/thumb/v7e-m+fp/hard/crtbegin.o
                [!provide]                        PROVIDE (__fini_array_end = .)
                0x0000000008004cb0                . = ALIGN (0x4)
                0x0000000008004cb0                _sidata = LOADADDR (.data)

.data           0x0000000020000000       0x30 load address 0x0000000008004cb0
                0x0000000020000000                . = ALIGN (0x4)
                0x0000000020000000                _sdata = .
 *(.data)
 *(.data*)
 .data.sekSt    0x0000000020000000        0x1 Core/Src/main.o
                0x0000000020000000                sekSt
 .data.minSt    0x0000000020000001        0x1 Core/Src/main.o
                0x0000000020000001                minSt
 .data.godzSt   0x0000000020000002        0x1 Core/Src/main.o
                0x0000000020000002                godzSt
 .data.dniSt    0x0000000020000003        0x1 Core/Src/main.o
                0x0000000020000003                dniSt
 .data.miesSt   0x0000000020000004        0x1 Core/Src/main.o
                0x0000000020000004                miesSt
 .data.rokSt    0x0000000020000005        0x1 Core/Src/main.o
                0x0000000020000005                rokSt
 .data.dev_addr
                0x0000000020000006        0x2 Core/Src/main.o
                0x0000000020000006                dev_addr
 .data.mem_addr_size
                0x0000000020000008        0x2 Core/Src/main.o
                0x0000000020000008                mem_addr_size
 .data.data_size
                0x000000002000000a        0x2 Core/Src/main.o
                0x000000002000000a                data_size
 .data.buffer   0x000000002000000c       0x11 Core/Src/main.o
                0x000000002000000c                buffer
 *fill*         0x000000002000001d        0x3 
 .data.timeout  0x0000000020000020        0x4 Core/Src/main.o
                0x0000000020000020                timeout
 .data.SystemCoreClock
                0x0000000020000024        0x4 Core/Src/system_stm32f4xx.o
                0x0000000020000024                SystemCoreClock
 .data.uwTickPrio
                0x0000000020000028        0x4 Drivers/STM32F4xx_HAL_Driver/Src/stm32f4xx_hal.o
                0x0000000020000028                uwTickPrio
 .data.uwTickFreq
                0x000000002000002c        0x1 Drivers/STM32F4xx_HAL_Driver/Src/stm32f4xx_hal.o
                0x000000002000002c                uwTickFreq
 *(.RamFunc)
 *(.RamFunc*)
                0x0000000020000030                . = ALIGN (0x4)
 *fill*         0x000000002000002d        0x3 
                0x0000000020000030                _edata = .

.igot.plt       0x0000000020000030        0x0 load address 0x0000000008004ce0
 .igot.plt      0x0000000020000030        0x0 c:/st/stm32cubeide_1.6.0/stm32cubeide/plugins/com.st.stm32cube.ide.mcu.externaltools.gnu-tools-for-stm32.9-2020-q2-update.win32_1.5.0.202011040924/tools/bin/../lib/gcc/arm-none-eabi/9.3.1/thumb/v7e-m+fp/hard/crtbegin.o
                0x0000000020000030                . = ALIGN (0x4)

.bss            0x0000000020000030      0x110 load address 0x0000000008004ce0
                0x0000000020000030                _sbss = .
                0x0000000020000030                __bss_start__ = _sbss
 *(.bss)
 .bss           0x0000000020000030       0x1c c:/st/stm32cubeide_1.6.0/stm32cubeide/plugins/com.st.stm32cube.ide.mcu.externaltools.gnu-tools-for-stm32.9-2020-q2-update.win32_1.5.0.202011040924/tools/bin/../lib/gcc/arm-none-eabi/9.3.1/thumb/v7e-m+fp/hard/crtbegin.o
 *(.bss*)
 .bss.data      0x000000002000004c        0x1 Core/Src/main.o
                0x000000002000004c                data
 .bss.sekundy   0x000000002000004d        0x1 Core/Src/main.o
                0x000000002000004d                sekundy
 .bss.sekundy1  0x000000002000004e        0x1 Core/Src/main.o
                0x000000002000004e                sekundy1
 .bss.sekundy2  0x000000002000004f        0x1 Core/Src/main.o
                0x000000002000004f                sekundy2
 .bss.sec       0x0000000020000050        0x1 Core/Src/main.o
                0x0000000020000050                sec
 .bss.minuty1   0x0000000020000051        0x1 Core/Src/main.o
                0x0000000020000051                minuty1
 .bss.minuty2   0x0000000020000052        0x1 Core/Src/main.o
                0x0000000020000052                minuty2
 .bss.min       0x0000000020000053        0x1 Core/Src/main.o
                0x0000000020000053                min
 .bss.godziny1  0x0000000020000054        0x1 Core/Src/main.o
                0x0000000020000054                godziny1
 .bss.godziny2  0x0000000020000055        0x1 Core/Src/main.o
                0x0000000020000055                godziny2
 .bss.godz      0x0000000020000056        0x1 Core/Src/main.o
                0x0000000020000056                godz
 .bss.dni1      0x0000000020000057        0x1 Core/Src/main.o
                0x0000000020000057                dni1
 .bss.mies1     0x0000000020000058        0x1 Core/Src/main.o
                0x0000000020000058                mies1
 .bss.rok1      0x0000000020000059        0x1 Core/Src/main.o
                0x0000000020000059                rok1
 .bss.mem_addr  0x000000002000005a        0x2 Core/Src/main.o
                0x000000002000005a                mem_addr
 *(COMMON)
 COMMON         0x000000002000005c       0xdd Core/Src/main.o
                0x000000002000005c                sec2
                0x000000002000005d                rokc2
                0x0000000020000060                hi2c2
                0x00000000200000b4                rokc1
                0x00000000200000b5                min1
                0x00000000200000b6                godz2
                0x00000000200000b7                sec1
                0x00000000200000b8                godz1
                0x00000000200000b9                dni2
                0x00000000200000ba                dnic2
                0x00000000200000bb                val
                0x00000000200000bc                dzientyg
                0x00000000200000bd                min2
                0x00000000200000be                mies2
                0x00000000200000bf                dnic1
                0x00000000200000c0                miesiac
                0x00000000200000c1                rok2
                0x00000000200000c4                Buffer
                0x00000000200000cc                hspi1
                0x0000000020000124                rec_buf
                0x0000000020000134                sek
                0x0000000020000135                rok
                0x0000000020000136                miesc2
                0x0000000020000137                dzien
                0x0000000020000138                miesc1
 *fill*         0x0000000020000139        0x3 
 COMMON         0x000000002000013c        0x4 Drivers/STM32F4xx_HAL_Driver/Src/stm32f4xx_hal.o
                0x000000002000013c                uwTick
                0x0000000020000140                . = ALIGN (0x4)
                0x0000000020000140                _ebss = .
                0x0000000020000140                __bss_end__ = _ebss

._user_heap_stack
                0x0000000020000140      0x600 load address 0x0000000008004ce0
                0x0000000020000140                . = ALIGN (0x8)
                [!provide]                        PROVIDE (end = .)
                0x0000000020000140                PROVIDE (_end = .)
                0x0000000020000340                . = (. + _Min_Heap_Size)
 *fill*         0x0000000020000140      0x200 
                0x0000000020000740                . = (. + _Min_Stack_Size)
 *fill*         0x0000000020000340      0x400 
                0x0000000020000740                . = ALIGN (0x8)

/DISCARD/
 libc.a(*)
 libm.a(*)
 libgcc.a(*)

.ARM.attributes
                0x0000000000000000       0x30
 *(.ARM.attributes)
 .ARM.attributes
                0x0000000000000000       0x1e c:/st/stm32cubeide_1.6.0/stm32cubeide/plugins/com.st.stm32cube.ide.mcu.externaltools.gnu-tools-for-stm32.9-2020-q2-update.win32_1.5.0.202011040924/tools/bin/../lib/gcc/arm-none-eabi/9.3.1/thumb/v7e-m+fp/hard/crti.o
 .ARM.attributes
                0x000000000000001e       0x34 c:/st/stm32cubeide_1.6.0/stm32cubeide/plugins/com.st.stm32cube.ide.mcu.externaltools.gnu-tools-for-stm32.9-2020-q2-update.win32_1.5.0.202011040924/tools/bin/../lib/gcc/arm-none-eabi/9.3.1/thumb/v7e-m+fp/hard/crtbegin.o
 .ARM.attributes
                0x0000000000000052       0x34 Core/Src/main.o
 .ARM.attributes
                0x0000000000000086       0x34 Core/Src/stm32f4xx_hal_msp.o
 .ARM.attributes
                0x00000000000000ba       0x34 Core/Src/stm32f4xx_it.o
 .ARM.attributes
                0x00000000000000ee       0x34 Core/Src/system_stm32f4xx.o
 .ARM.attributes
                0x0000000000000122       0x21 Core/Startup/startup_stm32f429zitx.o
 .ARM.attributes
                0x0000000000000143       0x34 Drivers/STM32F4xx_HAL_Driver/Src/stm32f4xx_hal.o
 .ARM.attributes
                0x0000000000000177       0x34 Drivers/STM32F4xx_HAL_Driver/Src/stm32f4xx_hal_cortex.o
 .ARM.attributes
                0x00000000000001ab       0x34 Drivers/STM32F4xx_HAL_Driver/Src/stm32f4xx_hal_gpio.o
 .ARM.attributes
                0x00000000000001df       0x34 Drivers/STM32F4xx_HAL_Driver/Src/stm32f4xx_hal_i2c.o
 .ARM.attributes
                0x0000000000000213       0x34 Drivers/STM32F4xx_HAL_Driver/Src/stm32f4xx_hal_i2c_ex.o
 .ARM.attributes
                0x0000000000000247       0x34 Drivers/STM32F4xx_HAL_Driver/Src/stm32f4xx_hal_rcc.o
 .ARM.attributes
                0x000000000000027b       0x34 Drivers/STM32F4xx_HAL_Driver/Src/stm32f4xx_hal_spi.o
 .ARM.attributes
                0x00000000000002af       0x34 c:/st/stm32cubeide_1.6.0/stm32cubeide/plugins/com.st.stm32cube.ide.mcu.externaltools.gnu-tools-for-stm32.9-2020-q2-update.win32_1.5.0.202011040924/tools/bin/../lib/gcc/arm-none-eabi/9.3.1/../../../../arm-none-eabi/lib/thumb/v7e-m+fp/hard\libc_nano.a(lib_a-init.o)
 .ARM.attributes
                0x00000000000002e3       0x34 c:/st/stm32cubeide_1.6.0/stm32cubeide/plugins/com.st.stm32cube.ide.mcu.externaltools.gnu-tools-for-stm32.9-2020-q2-update.win32_1.5.0.202011040924/tools/bin/../lib/gcc/arm-none-eabi/9.3.1/../../../../arm-none-eabi/lib/thumb/v7e-m+fp/hard\libc_nano.a(lib_a-memset.o)
 .ARM.attributes
                0x0000000000000317       0x1e c:/st/stm32cubeide_1.6.0/stm32cubeide/plugins/com.st.stm32cube.ide.mcu.externaltools.gnu-tools-for-stm32.9-2020-q2-update.win32_1.5.0.202011040924/tools/bin/../lib/gcc/arm-none-eabi/9.3.1/thumb/v7e-m+fp/hard\libgcc.a(_aeabi_uldivmod.o)
 .ARM.attributes
                0x0000000000000335       0x34 c:/st/stm32cubeide_1.6.0/stm32cubeide/plugins/com.st.stm32cube.ide.mcu.externaltools.gnu-tools-for-stm32.9-2020-q2-update.win32_1.5.0.202011040924/tools/bin/../lib/gcc/arm-none-eabi/9.3.1/thumb/v7e-m+fp/hard\libgcc.a(_udivmoddi4.o)
 .ARM.attributes
                0x0000000000000369       0x1e c:/st/stm32cubeide_1.6.0/stm32cubeide/plugins/com.st.stm32cube.ide.mcu.externaltools.gnu-tools-for-stm32.9-2020-q2-update.win32_1.5.0.202011040924/tools/bin/../lib/gcc/arm-none-eabi/9.3.1/thumb/v7e-m+fp/hard\libgcc.a(_dvmd_tls.o)
 .ARM.attributes
                0x0000000000000387       0x1e c:/st/stm32cubeide_1.6.0/stm32cubeide/plugins/com.st.stm32cube.ide.mcu.externaltools.gnu-tools-for-stm32.9-2020-q2-update.win32_1.5.0.202011040924/tools/bin/../lib/gcc/arm-none-eabi/9.3.1/thumb/v7e-m+fp/hard/crtn.o
OUTPUT(tft_1.elf elf32-littlearm)
LOAD linker stubs
LOAD c:/st/stm32cubeide_1.6.0/stm32cubeide/plugins/com.st.stm32cube.ide.mcu.externaltools.gnu-tools-for-stm32.9-2020-q2-update.win32_1.5.0.202011040924/tools/bin/../lib/gcc/arm-none-eabi/9.3.1/../../../../arm-none-eabi/lib/thumb/v7e-m+fp/hard\libc.a
LOAD c:/st/stm32cubeide_1.6.0/stm32cubeide/plugins/com.st.stm32cube.ide.mcu.externaltools.gnu-tools-for-stm32.9-2020-q2-update.win32_1.5.0.202011040924/tools/bin/../lib/gcc/arm-none-eabi/9.3.1/../../../../arm-none-eabi/lib/thumb/v7e-m+fp/hard\libm.a
LOAD c:/st/stm32cubeide_1.6.0/stm32cubeide/plugins/com.st.stm32cube.ide.mcu.externaltools.gnu-tools-for-stm32.9-2020-q2-update.win32_1.5.0.202011040924/tools/bin/../lib/gcc/arm-none-eabi/9.3.1/thumb/v7e-m+fp/hard\libgcc.a

.debug_info     0x0000000000000000     0x9e0d
 .debug_info    0x0000000000000000     0x176a Core/Src/main.o
 .debug_info    0x000000000000176a      0xdb7 Core/Src/stm32f4xx_hal_msp.o
 .debug_info    0x0000000000002521      0x222 Core/Src/stm32f4xx_it.o
 .debug_info    0x0000000000002743      0x5c0 Core/Src/system_stm32f4xx.o
 .debug_info    0x0000000000002d03       0x22 Core/Startup/startup_stm32f429zitx.o
 .debug_info    0x0000000000002d25      0xa2a Drivers/STM32F4xx_HAL_Driver/Src/stm32f4xx_hal.o
 .debug_info    0x000000000000374f      0xf0d Drivers/STM32F4xx_HAL_Driver/Src/stm32f4xx_hal_cortex.o
 .debug_info    0x000000000000465c      0x85a Drivers/STM32F4xx_HAL_Driver/Src/stm32f4xx_hal_gpio.o
 .debug_info    0x0000000000004eb6     0x265b Drivers/STM32F4xx_HAL_Driver/Src/stm32f4xx_hal_i2c.o
 .debug_info    0x0000000000007511      0x78a Drivers/STM32F4xx_HAL_Driver/Src/stm32f4xx_hal_i2c_ex.o
 .debug_info    0x0000000000007c9b      0x9b2 Drivers/STM32F4xx_HAL_Driver/Src/stm32f4xx_hal_rcc.o
 .debug_info    0x000000000000864d     0x17c0 Drivers/STM32F4xx_HAL_Driver/Src/stm32f4xx_hal_spi.o

.debug_abbrev   0x0000000000000000     0x16d7
 .debug_abbrev  0x0000000000000000      0x2f8 Core/Src/main.o
 .debug_abbrev  0x00000000000002f8      0x1ac Core/Src/stm32f4xx_hal_msp.o
 .debug_abbrev  0x00000000000004a4       0xd2 Core/Src/stm32f4xx_it.o
 .debug_abbrev  0x0000000000000576      0x145 Core/Src/system_stm32f4xx.o
 .debug_abbrev  0x00000000000006bb       0x12 Core/Startup/startup_stm32f429zitx.o
 .debug_abbrev  0x00000000000006cd      0x1ed Drivers/STM32F4xx_HAL_Driver/Src/stm32f4xx_hal.o
 .debug_abbrev  0x00000000000008ba      0x33c Drivers/STM32F4xx_HAL_Driver/Src/stm32f4xx_hal_cortex.o
 .debug_abbrev  0x0000000000000bf6      0x1f1 Drivers/STM32F4xx_HAL_Driver/Src/stm32f4xx_hal_gpio.o
 .debug_abbrev  0x0000000000000de7      0x282 Drivers/STM32F4xx_HAL_Driver/Src/stm32f4xx_hal_i2c.o
 .debug_abbrev  0x0000000000001069      0x18b Drivers/STM32F4xx_HAL_Driver/Src/stm32f4xx_hal_i2c_ex.o
 .debug_abbrev  0x00000000000011f4      0x275 Drivers/STM32F4xx_HAL_Driver/Src/stm32f4xx_hal_rcc.o
 .debug_abbrev  0x0000000000001469      0x26e Drivers/STM32F4xx_HAL_Driver/Src/stm32f4xx_hal_spi.o

.debug_aranges  0x0000000000000000      0x918
 .debug_aranges
                0x0000000000000000       0x98 Core/Src/main.o
 .debug_aranges
                0x0000000000000098       0x40 Core/Src/stm32f4xx_hal_msp.o
 .debug_aranges
                0x00000000000000d8       0x60 Core/Src/stm32f4xx_it.o
 .debug_aranges
                0x0000000000000138       0x28 Core/Src/system_stm32f4xx.o
 .debug_aranges
                0x0000000000000160       0x28 Core/Startup/startup_stm32f429zitx.o
 .debug_aranges
                0x0000000000000188      0x100 Drivers/STM32F4xx_HAL_Driver/Src/stm32f4xx_hal.o
 .debug_aranges
                0x0000000000000288      0x118 Drivers/STM32F4xx_HAL_Driver/Src/stm32f4xx_hal_cortex.o
 .debug_aranges
                0x00000000000003a0       0x58 Drivers/STM32F4xx_HAL_Driver/Src/stm32f4xx_hal_gpio.o
 .debug_aranges
                0x00000000000003f8      0x2a0 Drivers/STM32F4xx_HAL_Driver/Src/stm32f4xx_hal_i2c.o
 .debug_aranges
                0x0000000000000698       0x28 Drivers/STM32F4xx_HAL_Driver/Src/stm32f4xx_hal_i2c_ex.o
 .debug_aranges
                0x00000000000006c0       0x88 Drivers/STM32F4xx_HAL_Driver/Src/stm32f4xx_hal_rcc.o
 .debug_aranges
                0x0000000000000748      0x1d0 Drivers/STM32F4xx_HAL_Driver/Src/stm32f4xx_hal_spi.o

.debug_ranges   0x0000000000000000      0x888
 .debug_ranges  0x0000000000000000       0x88 Core/Src/main.o
 .debug_ranges  0x0000000000000088       0x30 Core/Src/stm32f4xx_hal_msp.o
 .debug_ranges  0x00000000000000b8       0x50 Core/Src/stm32f4xx_it.o
 .debug_ranges  0x0000000000000108       0x18 Core/Src/system_stm32f4xx.o
 .debug_ranges  0x0000000000000120       0x20 Core/Startup/startup_stm32f429zitx.o
 .debug_ranges  0x0000000000000140       0xf0 Drivers/STM32F4xx_HAL_Driver/Src/stm32f4xx_hal.o
 .debug_ranges  0x0000000000000230      0x108 Drivers/STM32F4xx_HAL_Driver/Src/stm32f4xx_hal_cortex.o
 .debug_ranges  0x0000000000000338       0x48 Drivers/STM32F4xx_HAL_Driver/Src/stm32f4xx_hal_gpio.o
 .debug_ranges  0x0000000000000380      0x2b8 Drivers/STM32F4xx_HAL_Driver/Src/stm32f4xx_hal_i2c.o
 .debug_ranges  0x0000000000000638       0x18 Drivers/STM32F4xx_HAL_Driver/Src/stm32f4xx_hal_i2c_ex.o
 .debug_ranges  0x0000000000000650       0x78 Drivers/STM32F4xx_HAL_Driver/Src/stm32f4xx_hal_rcc.o
 .debug_ranges  0x00000000000006c8      0x1c0 Drivers/STM32F4xx_HAL_Driver/Src/stm32f4xx_hal_spi.o

.debug_macro    0x0000000000000000    0x22145
 .debug_macro   0x0000000000000000      0x282 Core/Src/main.o
 .debug_macro   0x0000000000000282      0xaa8 Core/Src/main.o
 .debug_macro   0x0000000000000d2a      0x29b Core/Src/main.o
 .debug_macro   0x0000000000000fc5       0x2e Core/Src/main.o
 .debug_macro   0x0000000000000ff3       0x28 Core/Src/main.o
 .debug_macro   0x000000000000101b       0x22 Core/Src/main.o
 .debug_macro   0x000000000000103d       0x8e Core/Src/main.o
 .debug_macro   0x00000000000010cb       0x51 Core/Src/main.o
 .debug_macro   0x000000000000111c      0x103 Core/Src/main.o
 .debug_macro   0x000000000000121f       0x6a Core/Src/main.o
 .debug_macro   0x0000000000001289      0x1df Core/Src/main.o
 .debug_macro   0x0000000000001468       0x1c Core/Src/main.o
 .debug_macro   0x0000000000001484       0x22 Core/Src/main.o
 .debug_macro   0x00000000000014a6       0xdf Core/Src/main.o
 .debug_macro   0x0000000000001585     0x102d Core/Src/main.o
 .debug_macro   0x00000000000025b2      0x11f Core/Src/main.o
 .debug_macro   0x00000000000026d1    0x17f91 Core/Src/main.o
 .debug_macro   0x000000000001a662       0x6d Core/Src/main.o
 .debug_macro   0x000000000001a6cf     0x36dd Core/Src/main.o
 .debug_macro   0x000000000001ddac      0x174 Core/Src/main.o
 .debug_macro   0x000000000001df20       0x5c Core/Src/main.o
 .debug_macro   0x000000000001df7c      0xca5 Core/Src/main.o
 .debug_macro   0x000000000001ec21      0x9fe Core/Src/main.o
 .debug_macro   0x000000000001f61f      0x116 Core/Src/main.o
 .debug_macro   0x000000000001f735      0x157 Core/Src/main.o
 .debug_macro   0x000000000001f88c       0xa5 Core/Src/main.o
 .debug_macro   0x000000000001f931      0x182 Core/Src/main.o
 .debug_macro   0x000000000001fab3      0x287 Core/Src/main.o
 .debug_macro   0x000000000001fd3a       0x5f Core/Src/main.o
 .debug_macro   0x000000000001fd99      0x236 Core/Src/main.o
 .debug_macro   0x000000000001ffcf      0x132 Core/Src/main.o
 .debug_macro   0x0000000000020101      0x41d Core/Src/main.o
 .debug_macro   0x000000000002051e       0x2e Core/Src/main.o
 .debug_macro   0x000000000002054c      0x1b5 Core/Src/main.o
 .debug_macro   0x0000000000020701       0x22 Core/Src/main.o
 .debug_macro   0x0000000000020723       0xd6 Core/Src/main.o
 .debug_macro   0x00000000000207f9      0x11a Core/Src/main.o
 .debug_macro   0x0000000000020913       0xe2 Core/Src/main.o
 .debug_macro   0x00000000000209f5       0x89 Core/Src/main.o
 .debug_macro   0x0000000000020a7e      0x225 Core/Src/main.o
 .debug_macro   0x0000000000020ca3      0x134 Core/Src/main.o
 .debug_macro   0x0000000000020dd7       0x28 Core/Src/main.o
 .debug_macro   0x0000000000020dff      0x1e2 Core/Src/stm32f4xx_hal_msp.o
 .debug_macro   0x0000000000020fe1      0x1ec Core/Src/stm32f4xx_it.o
 .debug_macro   0x00000000000211cd      0x1d3 Core/Src/system_stm32f4xx.o
 .debug_macro   0x00000000000213a0      0x233 Drivers/STM32F4xx_HAL_Driver/Src/stm32f4xx_hal.o
 .debug_macro   0x00000000000215d3      0x1d3 Drivers/STM32F4xx_HAL_Driver/Src/stm32f4xx_hal_cortex.o
 .debug_macro   0x00000000000217a6      0x1d9 Drivers/STM32F4xx_HAL_Driver/Src/stm32f4xx_hal_gpio.o
 .debug_macro   0x000000000002197f      0x21a Drivers/STM32F4xx_HAL_Driver/Src/stm32f4xx_hal_i2c.o
 .debug_macro   0x0000000000021b99      0x1d3 Drivers/STM32F4xx_HAL_Driver/Src/stm32f4xx_hal_i2c_ex.o
 .debug_macro   0x0000000000021d6c      0x1f7 Drivers/STM32F4xx_HAL_Driver/Src/stm32f4xx_hal_rcc.o
 .debug_macro   0x0000000000021f63      0x1e2 Drivers/STM32F4xx_HAL_Driver/Src/stm32f4xx_hal_spi.o

.debug_line     0x0000000000000000     0xae16
 .debug_line    0x0000000000000000      0xbdf Core/Src/main.o
 .debug_line    0x0000000000000bdf      0x761 Core/Src/stm32f4xx_hal_msp.o
 .debug_line    0x0000000000001340      0x788 Core/Src/stm32f4xx_it.o
 .debug_line    0x0000000000001ac8      0x747 Core/Src/system_stm32f4xx.o
 .debug_line    0x000000000000220f       0x88 Core/Startup/startup_stm32f429zitx.o
 .debug_line    0x0000000000002297      0x9e3 Drivers/STM32F4xx_HAL_Driver/Src/stm32f4xx_hal.o
 .debug_line    0x0000000000002c7a      0xc5c Drivers/STM32F4xx_HAL_Driver/Src/stm32f4xx_hal_cortex.o
 .debug_line    0x00000000000038d6      0xb4b Drivers/STM32F4xx_HAL_Driver/Src/stm32f4xx_hal_gpio.o
 .debug_line    0x0000000000004421     0x3959 Drivers/STM32F4xx_HAL_Driver/Src/stm32f4xx_hal_i2c.o
 .debug_line    0x0000000000007d7a      0x740 Drivers/STM32F4xx_HAL_Driver/Src/stm32f4xx_hal_i2c_ex.o
 .debug_line    0x00000000000084ba      0xd27 Drivers/STM32F4xx_HAL_Driver/Src/stm32f4xx_hal_rcc.o
 .debug_line    0x00000000000091e1     0x1c35 Drivers/STM32F4xx_HAL_Driver/Src/stm32f4xx_hal_spi.o

.debug_str      0x0000000000000000    0xcf6b0
 .debug_str     0x0000000000000000    0xcd1f4 Core/Src/main.o
                                      0xcd539 (size before relaxing)
 .debug_str     0x00000000000cd1f4       0x7a Core/Src/stm32f4xx_hal_msp.o
                                      0xcd05d (size before relaxing)
 .debug_str     0x00000000000cd26e       0xbd Core/Src/stm32f4xx_it.o
                                      0xcc870 (size before relaxing)
 .debug_str     0x00000000000cd32b       0xaf Core/Src/system_stm32f4xx.o
                                      0xcc8f2 (size before relaxing)
 .debug_str     0x00000000000cd3da       0x36 Core/Startup/startup_stm32f429zitx.o
                                         0x71 (size before relaxing)
 .debug_str     0x00000000000cd410      0xafd Drivers/STM32F4xx_HAL_Driver/Src/stm32f4xx_hal.o
                                      0xcd473 (size before relaxing)
 .debug_str     0x00000000000cdf0d      0x399 Drivers/STM32F4xx_HAL_Driver/Src/stm32f4xx_hal_cortex.o
                                      0xcd214 (size before relaxing)
 .debug_str     0x00000000000ce2a6      0x15f Drivers/STM32F4xx_HAL_Driver/Src/stm32f4xx_hal_gpio.o
                                      0xcca99 (size before relaxing)
 .debug_str     0x00000000000ce405      0xac3 Drivers/STM32F4xx_HAL_Driver/Src/stm32f4xx_hal_i2c.o
                                      0xcd866 (size before relaxing)
 .debug_str     0x00000000000ceec8       0x3b Drivers/STM32F4xx_HAL_Driver/Src/stm32f4xx_hal_i2c_ex.o
                                      0xccced (size before relaxing)
 .debug_str     0x00000000000cef03      0x24e Drivers/STM32F4xx_HAL_Driver/Src/stm32f4xx_hal_rcc.o
                                      0xcccf4 (size before relaxing)
 .debug_str     0x00000000000cf151      0x55f Drivers/STM32F4xx_HAL_Driver/Src/stm32f4xx_hal_spi.o
                                      0xcd183 (size before relaxing)

.comment        0x0000000000000000       0x53
 .comment       0x0000000000000000       0x53 Core/Src/main.o
                                         0x54 (size before relaxing)
 .comment       0x0000000000000053       0x54 Core/Src/stm32f4xx_hal_msp.o
 .comment       0x0000000000000053       0x54 Core/Src/stm32f4xx_it.o
 .comment       0x0000000000000053       0x54 Core/Src/system_stm32f4xx.o
 .comment       0x0000000000000053       0x54 Drivers/STM32F4xx_HAL_Driver/Src/stm32f4xx_hal.o
 .comment       0x0000000000000053       0x54 Drivers/STM32F4xx_HAL_Driver/Src/stm32f4xx_hal_cortex.o
 .comment       0x0000000000000053       0x54 Drivers/STM32F4xx_HAL_Driver/Src/stm32f4xx_hal_gpio.o
 .comment       0x0000000000000053       0x54 Drivers/STM32F4xx_HAL_Driver/Src/stm32f4xx_hal_i2c.o
 .comment       0x0000000000000053       0x54 Drivers/STM32F4xx_HAL_Driver/Src/stm32f4xx_hal_i2c_ex.o
 .comment       0x0000000000000053       0x54 Drivers/STM32F4xx_HAL_Driver/Src/stm32f4xx_hal_rcc.o
 .comment       0x0000000000000053       0x54 Drivers/STM32F4xx_HAL_Driver/Src/stm32f4xx_hal_spi.o

.debug_frame    0x0000000000000000     0x2564
 .debug_frame   0x0000000000000000      0x230 Core/Src/main.o
 .debug_frame   0x0000000000000230       0xc8 Core/Src/stm32f4xx_hal_msp.o
 .debug_frame   0x00000000000002f8      0x104 Core/Src/stm32f4xx_it.o
 .debug_frame   0x00000000000003fc       0x58 Core/Src/system_stm32f4xx.o
 .debug_frame   0x0000000000000454      0x3b4 Drivers/STM32F4xx_HAL_Driver/Src/stm32f4xx_hal.o
 .debug_frame   0x0000000000000808      0x498 Drivers/STM32F4xx_HAL_Driver/Src/stm32f4xx_hal_cortex.o
 .debug_frame   0x0000000000000ca0      0x14c Drivers/STM32F4xx_HAL_Driver/Src/stm32f4xx_hal_gpio.o
 .debug_frame   0x0000000000000dec      0xc5c Drivers/STM32F4xx_HAL_Driver/Src/stm32f4xx_hal_i2c.o
 .debug_frame   0x0000000000001a48       0x60 Drivers/STM32F4xx_HAL_Driver/Src/stm32f4xx_hal_i2c_ex.o
 .debug_frame   0x0000000000001aa8      0x1ec Drivers/STM32F4xx_HAL_Driver/Src/stm32f4xx_hal_rcc.o
 .debug_frame   0x0000000000001c94      0x824 Drivers/STM32F4xx_HAL_Driver/Src/stm32f4xx_hal_spi.o
 .debug_frame   0x00000000000024b8       0x2c c:/st/stm32cubeide_1.6.0/stm32cubeide/plugins/com.st.stm32cube.ide.mcu.externaltools.gnu-tools-for-stm32.9-2020-q2-update.win32_1.5.0.202011040924/tools/bin/../lib/gcc/arm-none-eabi/9.3.1/../../../../arm-none-eabi/lib/thumb/v7e-m+fp/hard\libc_nano.a(lib_a-init.o)
 .debug_frame   0x00000000000024e4       0x20 c:/st/stm32cubeide_1.6.0/stm32cubeide/plugins/com.st.stm32cube.ide.mcu.externaltools.gnu-tools-for-stm32.9-2020-q2-update.win32_1.5.0.202011040924/tools/bin/../lib/gcc/arm-none-eabi/9.3.1/../../../../arm-none-eabi/lib/thumb/v7e-m+fp/hard\libc_nano.a(lib_a-memset.o)
 .debug_frame   0x0000000000002504       0x2c c:/st/stm32cubeide_1.6.0/stm32cubeide/plugins/com.st.stm32cube.ide.mcu.externaltools.gnu-tools-for-stm32.9-2020-q2-update.win32_1.5.0.202011040924/tools/bin/../lib/gcc/arm-none-eabi/9.3.1/thumb/v7e-m+fp/hard\libgcc.a(_aeabi_uldivmod.o)
 .debug_frame   0x0000000000002530       0x34 c:/st/stm32cubeide_1.6.0/stm32cubeide/plugins/com.st.stm32cube.ide.mcu.externaltools.gnu-tools-for-stm32.9-2020-q2-update.win32_1.5.0.202011040924/tools/bin/../lib/gcc/arm-none-eabi/9.3.1/thumb/v7e-m+fp/hard\libgcc.a(_udivmoddi4.o)
